
> team-website@0.1.0 build
> next build

   Γû▓ Next.js 16.0.10 (Turbopack)

   Creating an optimized production build ...
 Γ£ô Compiled successfully in 23.3s
   Running TypeScript ...
   Collecting page data using 11 workers ...
   Generating static pages using 11 workers (0/12) ...
   Generating static pages using 11 workers (3/12) 
   Generating static pages using 11 workers (6/12) 
   Generating static pages using 11 workers (9/12) 
 Γ£ô Generating static pages using 11 workers (12/12) in 1539.2ms
   Finalizing page optimization ...

Route (app)
Γöî Γùï /
Γö£ Γùï /_not-found
Γö£ Γùï /join
Γö£ Γùï /robots.txt
Γö£ Γùï /sitemap.xml
Γö£ Γùï /sponsors
Γö£ Γùï /team
Γö£ Γùï /writeups
Γöö ΓùÅ /writeups/[slug]
  Γö£ /writeups/crypto-timing-attack
  Γöö /writeups/web-sql-injection-rce


Γùï  (Static)  prerendered as static content
ΓùÅ  (SSG)     prerendered as static HTML (uses generateStaticParams)

